// Jest Snapshot v1, https://goo.gl/fbAQLP

exports[`renders with or without a name 1`] = `ShallowWrapper {}`;
